// Jest Snapshot v1, https://goo.gl/fbAQLP

exports[`Unit test for Button component snapshot 1`] = `
.c0 {
  display: inline-block;
  min-width: 101px;
  text-align: center;
  font-size: 0.875rem;
  line-height: 20px;
  padding: 6px 10px;
  vertical-align: middle;
  border-radius: 4px;
  border: rgb(26,170,85) 1px solid;
  background: rgb(26,170,85);
  color: rgb(255,255,255);
}

.c0:hover {
  opacity: 0.7;
  box-shadow: 0 5px 15px rgba(145,92,182,0.3);
  cursor: pointer;
}

<button
  className="c0"
  onClick={[Function]}
  size={1}
>
  Button
</button>
`;
